[18-Apr-2026 11:44:43 Asia/Kuwait] [orange] API: تعذر حفظ الحساب | SQLSTATE[23000]: Integrity constraint violation: 1062 Duplicate entry 'dfgerger' for key 'uq_accounts_name' @ C:\inetpub\vhosts\clickstorekw.com\orangeshoppro.com\admin\api\accounts\save-node.php:95
[18-Apr-2026 15:25:02 Asia/Kuwait] PHP Fatal error:  strict_types declaration must be the very first statement in the script in C:\inetpub\vhosts\clickstorekw.com\orangeshoppro.com\admin\pages\chart_of_accounts.php on line 3
[18-Apr-2026 15:25:13 Asia/Kuwait] PHP Fatal error:  Uncaught RuntimeException: حساب أساسي غير مربوط: عملاء آجل — مدين عند تسليم طلب آجل — افتح «الحسابات الأساسية للقيود التلقائية» واختر الحساب من الشجرة. in C:\inetpub\vhosts\clickstorekw.com\orangeshoppro.com\includes\gl_settings.php:254
Stack trace:
#0 C:\inetpub\vhosts\clickstorekw.com\orangeshoppro.com\includes\party_allocations.php(358): orange_gl_account_id()
#1 C:\inetpub\vhosts\clickstorekw.com\orangeshoppro.com\admin\pages\partner_reports.php(20): orange_partner_gl_reconcile()
#2 C:\inetpub\vhosts\clickstorekw.com\orangeshoppro.com\admin\index.php(48): include('...')
#3 {main}
  thrown in C:\inetpub\vhosts\clickstorekw.com\orangeshoppro.com\includes\gl_settings.php on line 254
[18-Apr-2026 15:25:19 Asia/Kuwait] PHP Fatal error:  strict_types declaration must be the very first statement in the script in C:\inetpub\vhosts\clickstorekw.com\orangeshoppro.com\admin\pages\chart_of_accounts.php on line 3
[18-Apr-2026 15:25:36 Asia/Kuwait] PHP Fatal error:  strict_types declaration must be the very first statement in the script in C:\inetpub\vhosts\clickstorekw.com\orangeshoppro.com\admin\pages\chart_of_accounts.php on line 3
[18-Apr-2026 17:10:39 Asia/Kuwait] PHP Fatal error:  Uncaught RuntimeException: حساب أساسي غير مربوط: عملاء آجل — مدين عند تسليم طلب آجل — افتح «الحسابات الأساسية للقيود التلقائية» واختر الحساب من الشجرة. in C:\inetpub\vhosts\clickstorekw.com\orangeshoppro.com\includes\gl_settings.php:254
Stack trace:
#0 C:\inetpub\vhosts\clickstorekw.com\orangeshoppro.com\includes\party_allocations.php(358): orange_gl_account_id()
#1 C:\inetpub\vhosts\clickstorekw.com\orangeshoppro.com\admin\pages\partner_reports.php(20): orange_partner_gl_reconcile()
#2 C:\inetpub\vhosts\clickstorekw.com\orangeshoppro.com\admin\index.php(48): include('...')
#3 {main}
  thrown in C:\inetpub\vhosts\clickstorekw.com\orangeshoppro.com\includes\gl_settings.php on line 254
[18-Apr-2026 17:25:37 Asia/Kuwait] PHP Fatal error:  Uncaught RuntimeException: حساب أساسي غير مربوط: عملاء آجل — مدين عند تسليم طلب آجل — افتح «الحسابات الأساسية للقيود التلقائية» واختر الحساب من الشجرة. in C:\inetpub\vhosts\clickstorekw.com\orangeshoppro.com\includes\gl_settings.php:254
Stack trace:
#0 C:\inetpub\vhosts\clickstorekw.com\orangeshoppro.com\includes\party_allocations.php(358): orange_gl_account_id()
#1 C:\inetpub\vhosts\clickstorekw.com\orangeshoppro.com\admin\pages\partner_reports.php(20): orange_partner_gl_reconcile()
#2 C:\inetpub\vhosts\clickstorekw.com\orangeshoppro.com\admin\index.php(49): include('...')
#3 {main}
  thrown in C:\inetpub\vhosts\clickstorekw.com\orangeshoppro.com\includes\gl_settings.php on line 254
[18-Apr-2026 17:27:08 Asia/Kuwait] PHP Fatal error:  Uncaught RuntimeException: حساب أساسي غير مربوط: عملاء آجل — مدين عند تسليم طلب آجل — افتح «الحسابات الأساسية للقيود التلقائية» واختر الحساب من الشجرة. in C:\inetpub\vhosts\clickstorekw.com\orangeshoppro.com\includes\gl_settings.php:254
Stack trace:
#0 C:\inetpub\vhosts\clickstorekw.com\orangeshoppro.com\includes\party_allocations.php(358): orange_gl_account_id()
#1 C:\inetpub\vhosts\clickstorekw.com\orangeshoppro.com\admin\pages\partner_reports.php(20): orange_partner_gl_reconcile()
#2 C:\inetpub\vhosts\clickstorekw.com\orangeshoppro.com\admin\index.php(49): include('...')
#3 {main}
  thrown in C:\inetpub\vhosts\clickstorekw.com\orangeshoppro.com\includes\gl_settings.php on line 254
[18-Apr-2026 20:38:28 Asia/Kuwait] PHP Fatal error:  Uncaught RuntimeException: حساب أساسي غير مربوط: عملاء آجل — مدين عند تسليم طلب آجل — افتح «الحسابات الأساسية للقيود التلقائية» واختر الحساب من الشجرة. in C:\inetpub\vhosts\clickstorekw.com\orangeshoppro.com\includes\gl_settings.php:265
Stack trace:
#0 C:\inetpub\vhosts\clickstorekw.com\orangeshoppro.com\includes\party_allocations.php(358): orange_gl_account_id()
#1 C:\inetpub\vhosts\clickstorekw.com\orangeshoppro.com\admin\pages\partner_reports.php(20): orange_partner_gl_reconcile()
#2 C:\inetpub\vhosts\clickstorekw.com\orangeshoppro.com\admin\index.php(51): include('...')
#3 {main}
  thrown in C:\inetpub\vhosts\clickstorekw.com\orangeshoppro.com\includes\gl_settings.php on line 265
[19-Apr-2026 04:56:39 Asia/Kuwait] PHP Fatal error:  Uncaught RuntimeException: حساب أساسي غير مربوط: عملاء آجل — مدين عند تسليم طلب آجل — افتح «الحسابات الأساسية للقيود التلقائية» واختر الحساب من الشجرة. in C:\inetpub\vhosts\clickstorekw.com\orangeshoppro.com\includes\gl_settings.php:356
Stack trace:
#0 C:\inetpub\vhosts\clickstorekw.com\orangeshoppro.com\includes\party_allocations.php(358): orange_gl_account_id()
#1 C:\inetpub\vhosts\clickstorekw.com\orangeshoppro.com\admin\pages\partner_reports.php(20): orange_partner_gl_reconcile()
#2 C:\inetpub\vhosts\clickstorekw.com\orangeshoppro.com\admin\index.php(51): include('...')
#3 {main}
  thrown in C:\inetpub\vhosts\clickstorekw.com\orangeshoppro.com\includes\gl_settings.php on line 356
[20-Apr-2026 07:15:07 Asia/Kuwait] PHP Warning:  Undefined variable $scan in C:\inetpub\vhosts\clickstorekw.com\orangeshoppro.com\admin\partials\header.php on line 95
[20-Apr-2026 07:15:07 Asia/Kuwait] PHP Fatal error:  Uncaught Error: Value of type null is not callable in C:\inetpub\vhosts\clickstorekw.com\orangeshoppro.com\admin\partials\header.php:95
Stack trace:
#0 C:\inetpub\vhosts\clickstorekw.com\orangeshoppro.com\admin\partials\header.php(115): {closure}()
#1 C:\inetpub\vhosts\clickstorekw.com\orangeshoppro.com\admin\partials\header.php(276): {closure}()
#2 C:\inetpub\vhosts\clickstorekw.com\orangeshoppro.com\admin\index.php(55): include('...')
#3 {main}
  thrown in C:\inetpub\vhosts\clickstorekw.com\orangeshoppro.com\admin\partials\header.php on line 95
[20-Apr-2026 07:15:16 Asia/Kuwait] PHP Warning:  Undefined variable $scan in C:\inetpub\vhosts\clickstorekw.com\orangeshoppro.com\admin\partials\header.php on line 95
[20-Apr-2026 07:15:16 Asia/Kuwait] PHP Fatal error:  Uncaught Error: Value of type null is not callable in C:\inetpub\vhosts\clickstorekw.com\orangeshoppro.com\admin\partials\header.php:95
Stack trace:
#0 C:\inetpub\vhosts\clickstorekw.com\orangeshoppro.com\admin\partials\header.php(115): {closure}()
#1 C:\inetpub\vhosts\clickstorekw.com\orangeshoppro.com\admin\partials\header.php(276): {closure}()
#2 C:\inetpub\vhosts\clickstorekw.com\orangeshoppro.com\admin\index.php(55): include('...')
#3 {main}
  thrown in C:\inetpub\vhosts\clickstorekw.com\orangeshoppro.com\admin\partials\header.php on line 95
[20-Apr-2026 07:16:41 Asia/Kuwait] PHP Warning:  Undefined variable $scan in C:\inetpub\vhosts\clickstorekw.com\orangeshoppro.com\admin\partials\header.php on line 95
[20-Apr-2026 07:16:41 Asia/Kuwait] PHP Fatal error:  Uncaught Error: Value of type null is not callable in C:\inetpub\vhosts\clickstorekw.com\orangeshoppro.com\admin\partials\header.php:95
Stack trace:
#0 C:\inetpub\vhosts\clickstorekw.com\orangeshoppro.com\admin\partials\header.php(115): {closure}()
#1 C:\inetpub\vhosts\clickstorekw.com\orangeshoppro.com\admin\partials\header.php(276): {closure}()
#2 C:\inetpub\vhosts\clickstorekw.com\orangeshoppro.com\admin\index.php(55): include('...')
#3 {main}
  thrown in C:\inetpub\vhosts\clickstorekw.com\orangeshoppro.com\admin\partials\header.php on line 95
